#by using website http://www.initializr.com/ download a data to a new repository
#download it :)
$ cd projects
# 1. unzip directory
$ unzip ~/Downloads/initializr-verekia-4.0.zip #folder with everything unzipped in our path
$ ls #name of directory is initializr
# 2. change name of directory
$ mv initializr repoExistingProject #mv CURRENT_NAME_OF_DIR FUTURE_NAME_OF_DIR
$ ls #check name - now is repoExistingProject
$ cd repoExistingProject
$ ls 
# 3. init empty Git repo of existing project
$ git init #Initialized empty Git repository in C:/Users/nn/projects/repoExistingProject/.git/
$ git status #a lot of untracked files
$ git add . #Adding whole untracked files to Staging Area
$ git status #All files are added as new file.
$ git commit -m "Creating first git repo from Existing project"
$ git status #On branch master \n nothing to commit, working tree clean
# 4. Push existing repo to remote repo (GitHub)
# Firstly we need to create new repository on our github: 
$ git remote add origin https://github.com/testerBartek/repoExistingProject
$ git remote -v #check is it corectly added
#origin  https://github.com/testerBartek/repoExistingProject (fetch)
#origin  https://github.com/testerBartek/repoExistingProject (push)
$ git push origin master
